<dec f='linux-5.3.1/include/linux/blk-mq.h' l='100' type='struct blk_mq_queue_map [3]'/>
<use f='linux-5.3.1/block/blk-mq.h' l='93' u='m' c='blk_mq_map_queue_type'/>
<offset>0</offset>
<doc f='linux-5.3.1/include/linux/blk-mq.h' l='94'>/*
	 * map[] holds ctx -&gt; hctx mappings, one map exists for each type
	 * that the driver wishes to support. There are no restrictions
	 * on maps being of the same size, and it&apos;s perfectly legal to
	 * share maps between types.
	 */</doc>
<use f='linux-5.3.1/block/blk-mq.c' l='2080' u='a' c='blk_mq_alloc_rq_map'/>
<use f='linux-5.3.1/block/blk-mq.c' l='2136' u='a' c='blk_mq_alloc_rqs'/>
<use f='linux-5.3.1/block/blk-mq.c' l='2473' u='m' c='blk_mq_map_swqueue'/>
<use f='linux-5.3.1/block/blk-mq.c' l='2483' u='m' c='blk_mq_map_swqueue'/>
<use f='linux-5.3.1/block/blk-mq.c' l='2488' u='m' c='blk_mq_map_swqueue'/>
<use f='linux-5.3.1/block/blk-mq.c' l='2779' u='a' c='blk_mq_realloc_hw_ctxs'/>
<use f='linux-5.3.1/block/blk-mq.c' l='2879' u='m' c='blk_mq_init_allocated_queue'/>
<use f='linux-5.3.1/block/blk-mq.c' l='3008' u='a' c='blk_mq_update_queue_map'/>
<use f='linux-5.3.1/block/blk-mq.c' l='3013' u='a' c='blk_mq_update_queue_map'/>
<use f='linux-5.3.1/block/blk-mq.c' l='3077' u='m' c='blk_mq_alloc_tag_set'/>
<use f='linux-5.3.1/block/blk-mq.c' l='3078' u='m' c='blk_mq_alloc_tag_set'/>
<use f='linux-5.3.1/block/blk-mq.c' l='3080' u='m' c='blk_mq_alloc_tag_set'/>
<use f='linux-5.3.1/block/blk-mq.c' l='3082' u='m' c='blk_mq_alloc_tag_set'/>
<use f='linux-5.3.1/block/blk-mq.c' l='3100' u='m' c='blk_mq_alloc_tag_set'/>
<use f='linux-5.3.1/block/blk-mq.c' l='3101' u='m' c='blk_mq_alloc_tag_set'/>
<use f='linux-5.3.1/block/blk-mq.c' l='3117' u='m' c='blk_mq_free_tag_set'/>
<use f='linux-5.3.1/block/blk-mq.c' l='3118' u='m' c='blk_mq_free_tag_set'/>
<use f='linux-5.3.1/block/blk-mq.c' l='3285' u='a' c='__blk_mq_update_nr_hw_queues'/>
<use f='linux-5.3.1/block/blk-sysfs.c' l='405' u='m' c='queue_poll_store'/>
<use f='linux-5.3.1/drivers/scsi/scsi_lib.c' l='1766' u='a' c='scsi_map_queues'/>
