<dec f='linux-5.3.1/include/linux/filter.h' l='585' type='struct bpf_map *'/>
<offset>128</offset>
<use f='linux-5.3.1/net/core/filter.c' l='3598' c='bpf_clear_redirect_map'/>
<use f='linux-5.3.1/net/core/filter.c' l='3598' u='a' c='bpf_clear_redirect_map'/>
<use f='linux-5.3.1/net/core/filter.c' l='3598' u='r' c='bpf_clear_redirect_map'/>
<use f='linux-5.3.1/net/core/filter.c' l='3598' u='a' c='bpf_clear_redirect_map'/>
<use f='linux-5.3.1/net/core/filter.c' l='3598' u='r' c='bpf_clear_redirect_map'/>
<use f='linux-5.3.1/net/core/filter.c' l='3599' u='a' c='bpf_clear_redirect_map'/>
<use f='linux-5.3.1/net/core/filter.c' l='3599' u='a' c='bpf_clear_redirect_map'/>
<use f='linux-5.3.1/net/core/filter.c' l='3613' c='xdp_do_redirect_map'/>
<use f='linux-5.3.1/net/core/filter.c' l='3613' u='r' c='xdp_do_redirect_map'/>
<use f='linux-5.3.1/net/core/filter.c' l='3613' u='r' c='xdp_do_redirect_map'/>
<use f='linux-5.3.1/net/core/filter.c' l='3613' u='a' c='xdp_do_redirect_map'/>
<use f='linux-5.3.1/net/core/filter.c' l='3613' u='r' c='xdp_do_redirect_map'/>
<use f='linux-5.3.1/net/core/filter.c' l='3634' c='xdp_do_redirect'/>
<use f='linux-5.3.1/net/core/filter.c' l='3634' u='a' c='xdp_do_redirect'/>
<use f='linux-5.3.1/net/core/filter.c' l='3634' u='r' c='xdp_do_redirect'/>
<use f='linux-5.3.1/net/core/filter.c' l='3634' u='a' c='xdp_do_redirect'/>
<use f='linux-5.3.1/net/core/filter.c' l='3634' u='r' c='xdp_do_redirect'/>
<use f='linux-5.3.1/net/core/filter.c' l='3656' c='xdp_do_generic_redirect_map'/>
<use f='linux-5.3.1/net/core/filter.c' l='3656' u='r' c='xdp_do_generic_redirect_map'/>
<use f='linux-5.3.1/net/core/filter.c' l='3656' u='r' c='xdp_do_generic_redirect_map'/>
<use f='linux-5.3.1/net/core/filter.c' l='3656' u='a' c='xdp_do_generic_redirect_map'/>
<use f='linux-5.3.1/net/core/filter.c' l='3656' u='r' c='xdp_do_generic_redirect_map'/>
<use f='linux-5.3.1/net/core/filter.c' l='3688' c='xdp_do_generic_redirect'/>
<use f='linux-5.3.1/net/core/filter.c' l='3688' u='a' c='xdp_do_generic_redirect'/>
<use f='linux-5.3.1/net/core/filter.c' l='3688' u='r' c='xdp_do_generic_redirect'/>
<use f='linux-5.3.1/net/core/filter.c' l='3688' u='a' c='xdp_do_generic_redirect'/>
<use f='linux-5.3.1/net/core/filter.c' l='3688' u='r' c='xdp_do_generic_redirect'/>
<use f='linux-5.3.1/net/core/filter.c' l='3727' c='____bpf_xdp_redirect'/>
<use f='linux-5.3.1/net/core/filter.c' l='3727' u='r' c='____bpf_xdp_redirect'/>
<use f='linux-5.3.1/net/core/filter.c' l='3727' u='r' c='____bpf_xdp_redirect'/>
<use f='linux-5.3.1/net/core/filter.c' l='3727' u='a' c='____bpf_xdp_redirect'/>
<use f='linux-5.3.1/net/core/filter.c' l='3727' u='r' c='____bpf_xdp_redirect'/>
<use f='linux-5.3.1/net/core/filter.c' l='3756' c='____bpf_xdp_redirect_map'/>
<use f='linux-5.3.1/net/core/filter.c' l='3756' u='r' c='____bpf_xdp_redirect_map'/>
<use f='linux-5.3.1/net/core/filter.c' l='3756' u='r' c='____bpf_xdp_redirect_map'/>
<use f='linux-5.3.1/net/core/filter.c' l='3756' u='a' c='____bpf_xdp_redirect_map'/>
<use f='linux-5.3.1/net/core/filter.c' l='3756' u='r' c='____bpf_xdp_redirect_map'/>
<use f='linux-5.3.1/net/core/filter.c' l='3762' c='____bpf_xdp_redirect_map'/>
<use f='linux-5.3.1/net/core/filter.c' l='3762' u='r' c='____bpf_xdp_redirect_map'/>
<use f='linux-5.3.1/net/core/filter.c' l='3762' u='r' c='____bpf_xdp_redirect_map'/>
<use f='linux-5.3.1/net/core/filter.c' l='3762' u='a' c='____bpf_xdp_redirect_map'/>
<use f='linux-5.3.1/net/core/filter.c' l='3762' u='r' c='____bpf_xdp_redirect_map'/>
