<dec f='linux-5.3.1/drivers/clk/clk.c' l='85' type='struct kref'/>
<use f='linux-5.3.1/drivers/clk/clk.c' l='3382' u='a' c='__clk_core_init'/>
<use f='linux-5.3.1/drivers/clk/clk.c' l='3487' u='a' c='clk_hw_create_clk'/>
<use f='linux-5.3.1/drivers/clk/clk.c' l='3719' u='r' c='__clk_release'/>
<use f='linux-5.3.1/drivers/clk/clk.c' l='3811' u='a' c='clk_unregister'/>
<use f='linux-5.3.1/drivers/clk/clk.c' l='3976' u='a' c='__clk_put'/>
<offset>1920</offset>
