<dec f='linux-5.3.1/drivers/pcmcia/cs_internal.h' l='30' type='struct kref'/>
<offset>0</offset>
<use f='linux-5.3.1/drivers/pcmcia/ds.c' l='232' u='r' c='pcmcia_release_function'/>
<use f='linux-5.3.1/drivers/pcmcia/ds.c' l='246' u='a' c='pcmcia_release_dev'/>
<use f='linux-5.3.1/drivers/pcmcia/ds.c' l='540' u='a' c='pcmcia_device_add'/>
<use f='linux-5.3.1/drivers/pcmcia/ds.c' l='559' u='a' c='pcmcia_device_add'/>
