<dec f='linux-5.3.1/arch/x86/events/perf_event.h' l='131' type='atomic_t'/>
<offset>192</offset>
<doc f='linux-5.3.1/arch/x86/events/perf_event.h' l='131'>/* reference count */</doc>
<use f='linux-5.3.1/arch/x86/events/intel/core.c' l='2664' u='a' c='__intel_shared_reg_get_constraints'/>
<use f='linux-5.3.1/arch/x86/events/intel/core.c' l='2694' u='a' c='__intel_shared_reg_get_constraints'/>
<use f='linux-5.3.1/arch/x86/events/intel/core.c' l='2733' u='a' c='__intel_shared_reg_put_constraints'/>
