<dec f='linux-5.3.1/kernel/trace/trace.h' l='1599' type='int'/>
<offset>64</offset>
<use f='linux-5.3.1/kernel/trace/trace_events_trigger.c' l='408' u='w' c='event_trigger_init'/>
<use f='linux-5.3.1/kernel/trace/trace_events_trigger.c' l='426' u='r' c='event_trigger_free'/>
<use f='linux-5.3.1/kernel/trace/trace_events_trigger.c' l='429' u='w' c='event_trigger_free'/>
<use f='linux-5.3.1/kernel/trace/trace_events_trigger.c' l='430' u='r' c='event_trigger_free'/>
<use f='linux-5.3.1/kernel/trace/trace_events_trigger.c' l='1297' u='r' c='event_enable_trigger_free'/>
<use f='linux-5.3.1/kernel/trace/trace_events_trigger.c' l='1300' u='w' c='event_enable_trigger_free'/>
<use f='linux-5.3.1/kernel/trace/trace_events_trigger.c' l='1301' u='r' c='event_enable_trigger_free'/>
