<dec f='linux-5.3.1/drivers/base/firmware_loader/firmware.h' l='60' type='struct kref'/>
<use f='linux-5.3.1/drivers/base/firmware_loader/main.c' l='82' u='r' c='to_fw_priv'/>
<use f='linux-5.3.1/drivers/base/firmware_loader/main.c' l='184' u='a' c='__allocate_fw_priv'/>
<use f='linux-5.3.1/drivers/base/firmware_loader/main.c' l='221' u='a' c='alloc_lookup_fw_priv'/>
<use f='linux-5.3.1/drivers/base/firmware_loader/main.c' l='266' u='a' c='free_fw_priv'/>
<use f='linux-5.3.1/drivers/base/firmware_loader/main.c' l='671' u='a' c='assign_fw'/>
<offset>0</offset>
