<dec f='linux-5.3.1/include/linux/genhd.h' l='132' type='struct percpu_ref'/>
<use f='linux-5.3.1/include/linux/genhd.h' l='681' u='a' c='hd_ref_init'/>
<use f='linux-5.3.1/include/linux/genhd.h' l='689' u='a' c='hd_struct_get'/>
<use f='linux-5.3.1/include/linux/genhd.h' l='694' u='a' c='hd_struct_try_get'/>
<use f='linux-5.3.1/include/linux/genhd.h' l='699' u='a' c='hd_struct_put'/>
<use f='linux-5.3.1/include/linux/genhd.h' l='704' u='a' c='hd_struct_kill'/>
<use f='linux-5.3.1/include/linux/genhd.h' l='711' u='a' c='hd_free_part'/>
<offset>6336</offset>
<use f='linux-5.3.1/block/partition-generic.c' l='261' u='r' c='__delete_partition'/>
