<dec f='linux-5.3.1/drivers/gpu/drm/i915/i915_gpu_error.h' l='31' type='struct kref'/>
<use f='linux-5.3.1/drivers/gpu/drm/i915/i915_gpu_error.h' l='269' u='a' c='i915_gpu_state_get'/>
<use f='linux-5.3.1/drivers/gpu/drm/i915/i915_gpu_error.h' l='280' u='a' c='i915_gpu_state_put'/>
<offset>0</offset>
<use f='linux-5.3.1/drivers/gpu/drm/i915/i915_gpu_error.c' l='957' u='r' c='__i915_gpu_state_free'/>
<use f='linux-5.3.1/drivers/gpu/drm/i915/i915_gpu_error.c' l='1808' u='a' c='i915_capture_gpu_state'/>
<use f='linux-5.3.1/drivers/gpu/drm/i915/i915_gpu_error.c' l='1857' u='a' c='i915_capture_error_state'/>
