<dec f='linux-5.3.1/drivers/gpu/drm/i915/gt/intel_engine_types.h' l='65' type='struct kref'/>
<use f='linux-5.3.1/drivers/gpu/drm/i915/gt/intel_engine.h' l='258' u='a' c='intel_ring_get'/>
<use f='linux-5.3.1/drivers/gpu/drm/i915/gt/intel_engine.h' l='264' u='a' c='intel_ring_put'/>
<offset>0</offset>
<use f='linux-5.3.1/drivers/gpu/drm/i915/gt/intel_ringbuffer.c' l='1282' u='a' c='intel_engine_create_ring'/>
<use f='linux-5.3.1/drivers/gpu/drm/i915/gt/intel_ringbuffer.c' l='1309' u='r' c='intel_ring_free'/>
