<dec f='linux-5.3.1/drivers/block/loop.h' l='70' type='atomic_t'/>
<use f='linux-5.3.1/drivers/block/loop.c' l='493' u='a' c='lo_rw_aio_do_completion'/>
<use f='linux-5.3.1/drivers/block/loop.c' l='556' u='a' c='lo_rw_aio'/>
<offset>352</offset>
<doc f='linux-5.3.1/drivers/block/loop.h' l='70'>/* only for aio */</doc>
