<dec f='linux-5.3.1/drivers/md/dm-core.h' l='42' type='void *'/>
<offset>640</offset>
<doc f='linux-5.3.1/drivers/md/dm-core.h' l='37'>/*
	 * The current mapping (struct dm_table *).
	 * Use dm_get_live_table{_fast} or take suspend_lock for
	 * dereference.
	 */</doc>
<use f='linux-5.3.1/drivers/md/dm.c' l='708' u='r' c='dm_get_live_table'/>
<use f='linux-5.3.1/drivers/md/dm.c' l='708' u='r' c='dm_get_live_table'/>
<use f='linux-5.3.1/drivers/md/dm.c' l='708' c='dm_get_live_table'/>
<use f='linux-5.3.1/drivers/md/dm.c' l='708' u='a' c='dm_get_live_table'/>
<use f='linux-5.3.1/drivers/md/dm.c' l='708' u='r' c='dm_get_live_table'/>
<use f='linux-5.3.1/drivers/md/dm.c' l='708' u='a' c='dm_get_live_table'/>
<use f='linux-5.3.1/drivers/md/dm.c' l='708' u='r' c='dm_get_live_table'/>
<use f='linux-5.3.1/drivers/md/dm.c' l='708' u='r' c='dm_get_live_table'/>
<use f='linux-5.3.1/drivers/md/dm.c' l='729' u='r' c='dm_get_live_table_fast'/>
<use f='linux-5.3.1/drivers/md/dm.c' l='729' u='r' c='dm_get_live_table_fast'/>
<use f='linux-5.3.1/drivers/md/dm.c' l='729' c='dm_get_live_table_fast'/>
<use f='linux-5.3.1/drivers/md/dm.c' l='729' u='a' c='dm_get_live_table_fast'/>
<use f='linux-5.3.1/drivers/md/dm.c' l='729' u='r' c='dm_get_live_table_fast'/>
<use f='linux-5.3.1/drivers/md/dm.c' l='729' u='a' c='dm_get_live_table_fast'/>
<use f='linux-5.3.1/drivers/md/dm.c' l='729' u='r' c='dm_get_live_table_fast'/>
<use f='linux-5.3.1/drivers/md/dm.c' l='729' u='r' c='dm_get_live_table_fast'/>
<use f='linux-5.3.1/drivers/md/dm.c' l='2175' u='r' c='__bind'/>
<use f='linux-5.3.1/drivers/md/dm.c' l='2175' u='r' c='__bind'/>
<use f='linux-5.3.1/drivers/md/dm.c' l='2176' c='__bind'/>
<use f='linux-5.3.1/drivers/md/dm.c' l='2176' u='r' c='__bind'/>
<use f='linux-5.3.1/drivers/md/dm.c' l='2176' u='r' c='__bind'/>
<use f='linux-5.3.1/drivers/md/dm.c' l='2176' u='r' c='__bind'/>
<use f='linux-5.3.1/drivers/md/dm.c' l='2176' u='r' c='__bind'/>
<use f='linux-5.3.1/drivers/md/dm.c' l='2176' u='a' c='__bind'/>
<use f='linux-5.3.1/drivers/md/dm.c' l='2176' u='r' c='__bind'/>
<use f='linux-5.3.1/drivers/md/dm.c' l='2176' u='a' c='__bind'/>
<use f='linux-5.3.1/drivers/md/dm.c' l='2176' u='a' c='__bind'/>
<use f='linux-5.3.1/drivers/md/dm.c' l='2176' u='a' c='__bind'/>
<use f='linux-5.3.1/drivers/md/dm.c' l='2176' u='a' c='__bind'/>
<use f='linux-5.3.1/drivers/md/dm.c' l='2176' u='a' c='__bind'/>
<use f='linux-5.3.1/drivers/md/dm.c' l='2176' u='a' c='__bind'/>
<use f='linux-5.3.1/drivers/md/dm.c' l='2176' u='r' c='__bind'/>
<use f='linux-5.3.1/drivers/md/dm.c' l='2176' u='r' c='__bind'/>
<use f='linux-5.3.1/drivers/md/dm.c' l='2176' u='a' c='__bind'/>
<use f='linux-5.3.1/drivers/md/dm.c' l='2176' u='r' c='__bind'/>
<use f='linux-5.3.1/drivers/md/dm.c' l='2176' u='r' c='__bind'/>
<use f='linux-5.3.1/drivers/md/dm.c' l='2176' u='a' c='__bind'/>
<use f='linux-5.3.1/drivers/md/dm.c' l='2176' u='a' c='__bind'/>
<use f='linux-5.3.1/drivers/md/dm.c' l='2192' u='r' c='__unbind'/>
<use f='linux-5.3.1/drivers/md/dm.c' l='2192' u='r' c='__unbind'/>
<use f='linux-5.3.1/drivers/md/dm.c' l='2198' c='__unbind'/>
<use f='linux-5.3.1/drivers/md/dm.c' l='2198' u='r' c='__unbind'/>
<use f='linux-5.3.1/drivers/md/dm.c' l='2198' u='r' c='__unbind'/>
<use f='linux-5.3.1/drivers/md/dm.c' l='2198' u='a' c='__unbind'/>
<use f='linux-5.3.1/drivers/md/dm.c' l='2198' u='r' c='__unbind'/>
<use f='linux-5.3.1/drivers/md/dm.c' l='2703' u='r' c='dm_suspend'/>
<use f='linux-5.3.1/drivers/md/dm.c' l='2703' u='r' c='dm_suspend'/>
<use f='linux-5.3.1/drivers/md/dm.c' l='2760' u='r' c='dm_resume'/>
<use f='linux-5.3.1/drivers/md/dm.c' l='2760' u='r' c='dm_resume'/>
<use f='linux-5.3.1/drivers/md/dm.c' l='2795' u='r' c='__dm_internal_suspend'/>
<use f='linux-5.3.1/drivers/md/dm.c' l='2795' u='r' c='__dm_internal_suspend'/>
