<dec f='linux-5.3.1/fs/ext4/inode.c' l='1708' type='struct ext4_map_blocks'/>
<use f='linux-5.3.1/fs/ext4/inode.c' l='2287' u='a' c='mpage_add_bh_to_extent'/>
<use f='linux-5.3.1/fs/ext4/inode.c' l='2353' u='m' c='mpage_process_page_bufs'/>
<use f='linux-5.3.1/fs/ext4/inode.c' l='2363' u='m' c='mpage_process_page_bufs'/>
<use f='linux-5.3.1/fs/ext4/inode.c' l='2397' u='m' c='mpage_map_and_submit_buffers'/>
<use f='linux-5.3.1/fs/ext4/inode.c' l='2398' u='m' c='mpage_map_and_submit_buffers'/>
<use f='linux-5.3.1/fs/ext4/inode.c' l='2398' u='m' c='mpage_map_and_submit_buffers'/>
<use f='linux-5.3.1/fs/ext4/inode.c' l='2400' u='m' c='mpage_map_and_submit_buffers'/>
<use f='linux-5.3.1/fs/ext4/inode.c' l='2413' u='m' c='mpage_map_and_submit_buffers'/>
<use f='linux-5.3.1/fs/ext4/inode.c' l='2415' u='m' c='mpage_map_and_submit_buffers'/>
<use f='linux-5.3.1/fs/ext4/inode.c' l='2415' u='m' c='mpage_map_and_submit_buffers'/>
<use f='linux-5.3.1/fs/ext4/inode.c' l='2420' u='m' c='mpage_map_and_submit_buffers'/>
<use f='linux-5.3.1/fs/ext4/inode.c' l='2421' u='m' c='mpage_map_and_submit_buffers'/>
<use f='linux-5.3.1/fs/ext4/inode.c' l='2459' u='m' c='mpage_map_and_submit_buffers'/>
<use f='linux-5.3.1/fs/ext4/inode.c' l='2460' u='m' c='mpage_map_and_submit_buffers'/>
<use f='linux-5.3.1/fs/ext4/inode.c' l='2467' u='a' c='mpage_map_one_extent'/>
<use f='linux-5.3.1/fs/ext4/inode.c' l='2537' u='a' c='mpage_map_and_submit_extent'/>
<use f='linux-5.3.1/fs/ext4/inode.c' l='2670' u='m' c='mpage_prepare_extent_to_map'/>
<use f='linux-5.3.1/fs/ext4/inode.c' l='2693' u='m' c='mpage_prepare_extent_to_map'/>
<use f='linux-5.3.1/fs/ext4/inode.c' l='2715' u='m' c='mpage_prepare_extent_to_map'/>
<use f='linux-5.3.1/fs/ext4/inode.c' l='2896' u='m' c='ext4_writepages'/>
<offset>320</offset>
<doc f='linux-5.3.1/fs/ext4/inode.c' l='1703'>/*
	 * Extent to map - this can be after first_page because that can be
	 * fully mapped. We somewhat abuse m_flags to store whether the extent
	 * is delalloc or unwritten.
	 */</doc>
