<dec f='linux-5.3.1/include/linux/blkdev.h' l='225' type='refcount_t'/>
<offset>1664</offset>
<use f='linux-5.3.1/block/blk-core.c' l='120' u='a' c='blk_rq_init'/>
<use f='linux-5.3.1/block/blk-mq.c' l='347' u='a' c='blk_mq_rq_ctx_init'/>
<use f='linux-5.3.1/block/blk-mq.c' l='524' u='a' c='blk_mq_free_request'/>
<use f='linux-5.3.1/block/blk-mq.c' l='897' u='a' c='blk_mq_check_expired'/>
<use f='linux-5.3.1/block/blk-mq.c' l='908' u='a' c='blk_mq_check_expired'/>
