<dec f='linux-5.3.1/include/linux/sbitmap.h' l='67' type='struct sbitmap_word *'/>
<use f='linux-5.3.1/include/linux/sbitmap.h' l='164' u='r' c='sbitmap_free'/>
<use f='linux-5.3.1/include/linux/sbitmap.h' l='165' u='w' c='sbitmap_free'/>
<use f='linux-5.3.1/include/linux/sbitmap.h' l='259' u='r' c='__sbitmap_for_each_set'/>
<use f='linux-5.3.1/include/linux/sbitmap.h' l='259' u='r' c='__sbitmap_for_each_set'/>
<use f='linux-5.3.1/include/linux/sbitmap.h' l='259' u='r' c='__sbitmap_for_each_set'/>
<use f='linux-5.3.1/include/linux/sbitmap.h' l='259' u='r' c='__sbitmap_for_each_set'/>
<use f='linux-5.3.1/include/linux/sbitmap.h' l='259' u='r' c='__sbitmap_for_each_set'/>
<use f='linux-5.3.1/include/linux/sbitmap.h' l='259' u='r' c='__sbitmap_for_each_set'/>
<use f='linux-5.3.1/include/linux/sbitmap.h' l='263' u='r' c='__sbitmap_for_each_set'/>
<use f='linux-5.3.1/include/linux/sbitmap.h' l='263' u='r' c='__sbitmap_for_each_set'/>
<use f='linux-5.3.1/include/linux/sbitmap.h' l='304' u='r' c='__sbitmap_word'/>
<use f='linux-5.3.1/include/linux/sbitmap.h' l='327' u='r' c='sbitmap_deferred_clear_bit'/>
<offset>128</offset>
<doc f='linux-5.3.1/include/linux/sbitmap.h' l='64'>/**
	 * @map: Allocated bitmap.
	 */</doc>
<use f='linux-5.3.1/lib/sbitmap.c' l='21' u='r' c='sbitmap_deferred_clear'/>
<use f='linux-5.3.1/lib/sbitmap.c' l='23' u='r' c='sbitmap_deferred_clear'/>
<use f='linux-5.3.1/lib/sbitmap.c' l='29' u='r' c='sbitmap_deferred_clear'/>
<use f='linux-5.3.1/lib/sbitmap.c' l='29' u='r' c='sbitmap_deferred_clear'/>
<use f='linux-5.3.1/lib/sbitmap.c' l='35' u='r' c='sbitmap_deferred_clear'/>
<use f='linux-5.3.1/lib/sbitmap.c' l='36' u='r' c='sbitmap_deferred_clear'/>
<use f='linux-5.3.1/lib/sbitmap.c' l='36' u='r' c='sbitmap_deferred_clear'/>
<use f='linux-5.3.1/lib/sbitmap.c' l='40' u='r' c='sbitmap_deferred_clear'/>
<use f='linux-5.3.1/lib/sbitmap.c' l='72' u='w' c='sbitmap_init_node'/>
<use f='linux-5.3.1/lib/sbitmap.c' l='76' u='w' c='sbitmap_init_node'/>
<use f='linux-5.3.1/lib/sbitmap.c' l='76' u='r' c='sbitmap_init_node'/>
<use f='linux-5.3.1/lib/sbitmap.c' l='77' u='r' c='sbitmap_init_node'/>
<use f='linux-5.3.1/lib/sbitmap.c' l='81' u='r' c='sbitmap_init_node'/>
<use f='linux-5.3.1/lib/sbitmap.c' l='82' u='r' c='sbitmap_init_node'/>
<use f='linux-5.3.1/lib/sbitmap.c' l='83' u='r' c='sbitmap_init_node'/>
<use f='linux-5.3.1/lib/sbitmap.c' l='83' u='r' c='sbitmap_init_node'/>
<use f='linux-5.3.1/lib/sbitmap.c' l='101' u='r' c='sbitmap_resize'/>
<use f='linux-5.3.1/lib/sbitmap.c' l='102' u='r' c='sbitmap_resize'/>
<use f='linux-5.3.1/lib/sbitmap.c' l='145' u='r' c='sbitmap_find_bit_in_index'/>
<use f='linux-5.3.1/lib/sbitmap.c' l='146' u='r' c='sbitmap_find_bit_in_index'/>
<use f='linux-5.3.1/lib/sbitmap.c' l='202' u='r' c='sbitmap_get_shallow'/>
<use f='linux-5.3.1/lib/sbitmap.c' l='203' u='r' c='sbitmap_get_shallow'/>
<use f='linux-5.3.1/lib/sbitmap.c' l='203' u='r' c='sbitmap_get_shallow'/>
<use f='linux-5.3.1/lib/sbitmap.c' l='203' u='r' c='sbitmap_get_shallow'/>
<use f='linux-5.3.1/lib/sbitmap.c' l='203' u='r' c='sbitmap_get_shallow'/>
<use f='linux-5.3.1/lib/sbitmap.c' l='203' u='r' c='sbitmap_get_shallow'/>
<use f='linux-5.3.1/lib/sbitmap.c' l='203' u='r' c='sbitmap_get_shallow'/>
<use f='linux-5.3.1/lib/sbitmap.c' l='232' u='r' c='sbitmap_any_bit_set'/>
<use f='linux-5.3.1/lib/sbitmap.c' l='232' u='r' c='sbitmap_any_bit_set'/>
<use f='linux-5.3.1/lib/sbitmap.c' l='244' u='r' c='sbitmap_any_bit_clear'/>
<use f='linux-5.3.1/lib/sbitmap.c' l='261' u='r' c='__sbitmap_weight'/>
<use f='linux-5.3.1/lib/sbitmap.c' l='311' u='r' c='sbitmap_bitmap_show'/>
<use f='linux-5.3.1/lib/sbitmap.c' l='311' u='r' c='sbitmap_bitmap_show'/>
<use f='linux-5.3.1/lib/sbitmap.c' l='311' u='r' c='sbitmap_bitmap_show'/>
<use f='linux-5.3.1/lib/sbitmap.c' l='311' u='r' c='sbitmap_bitmap_show'/>
<use f='linux-5.3.1/lib/sbitmap.c' l='311' u='r' c='sbitmap_bitmap_show'/>
<use f='linux-5.3.1/lib/sbitmap.c' l='312' u='r' c='sbitmap_bitmap_show'/>
<use f='linux-5.3.1/lib/sbitmap.c' l='312' u='r' c='sbitmap_bitmap_show'/>
<use f='linux-5.3.1/lib/sbitmap.c' l='312' u='r' c='sbitmap_bitmap_show'/>
<use f='linux-5.3.1/lib/sbitmap.c' l='312' u='r' c='sbitmap_bitmap_show'/>
<use f='linux-5.3.1/lib/sbitmap.c' l='312' u='r' c='sbitmap_bitmap_show'/>
