<dec f='linux-5.3.1/kernel/sched/sched.h' l='1376' type='atomic_t'/>
<offset>0</offset>
<use f='linux-5.3.1/kernel/sched/topology.c' l='569' u='a' c='free_sched_groups'/>
<use f='linux-5.3.1/kernel/sched/topology.c' l='910' u='a' c='init_overlap_sched_group'/>
<use f='linux-5.3.1/kernel/sched/topology.c' l='1073' u='a' c='get_group'/>
<use f='linux-5.3.1/kernel/sched/topology.c' l='1274' u='a' c='claim_allocations'/>
