<dec f='linux-5.3.1/security/selinux/ss/services.h' l='31' type='struct selinux_map'/>
<offset>4096</offset>
<use f='linux-5.3.1/security/selinux/ss/services.c' l='772' u='a' c='security_compute_validatetrans'/>
<use f='linux-5.3.1/security/selinux/ss/services.c' l='1042' u='a' c='security_compute_xperms_decision'/>
<use f='linux-5.3.1/security/selinux/ss/services.c' l='1131' u='a' c='security_compute_av'/>
<use f='linux-5.3.1/security/selinux/ss/services.c' l='1139' u='a' c='security_compute_av'/>
<use f='linux-5.3.1/security/selinux/ss/services.c' l='1674' u='a' c='security_compute_sid'/>
<use f='linux-5.3.1/security/selinux/ss/services.c' l='1678' u='a' c='security_compute_sid'/>
<use f='linux-5.3.1/security/selinux/ss/services.c' l='2114' u='a' c='security_load_policy'/>
<use f='linux-5.3.1/security/selinux/ss/services.c' l='2202' u='m' c='security_load_policy'/>
<use f='linux-5.3.1/security/selinux/ss/services.c' l='2203' u='m' c='security_load_policy'/>
<use f='linux-5.3.1/security/selinux/ss/services.c' l='2204' u='m' c='security_load_policy'/>
<use f='linux-5.3.1/security/selinux/ss/services.c' l='2678' u='a' c='__security_genfs_sid'/>
