<dec f='linux-5.3.1/kernel/trace/trace.h' l='311' type='int'/>
<offset>2112</offset>
<use f='linux-5.3.1/kernel/trace/trace.c' l='284' u='w' c='trace_array_get'/>
<use f='linux-5.3.1/kernel/trace/trace.c' l='296' u='r' c='__trace_array_put'/>
<use f='linux-5.3.1/kernel/trace/trace.c' l='297' u='w' c='__trace_array_put'/>
<use f='linux-5.3.1/kernel/trace/trace.c' l='8409' u='r' c='__remove_instance'/>
