<dec f='linux-5.3.1/kernel/trace/trace.h' l='500' type='int'/>
<offset>1184</offset>
<use f='linux-5.3.1/kernel/trace/trace.c' l='5636' u='r' c='tracing_set_tracer'/>
<use f='linux-5.3.1/kernel/trace/trace.c' l='5854' u='w' c='tracing_open_pipe'/>
<use f='linux-5.3.1/kernel/trace/trace.c' l='5873' u='w' c='tracing_release_pipe'/>
<use f='linux-5.3.1/kernel/trace/trace.c' l='7184' u='w' c='tracing_buffers_open'/>
<use f='linux-5.3.1/kernel/trace/trace.c' l='7285' u='w' c='tracing_buffers_release'/>
<use f='linux-5.3.1/kernel/trace/trace.c' l='8409' u='r' c='__remove_instance'/>
