<dec f='linux-5.3.1/kernel/events/uprobes.c' l='56' type='refcount_t'/>
<use f='linux-5.3.1/kernel/events/uprobes.c' l='551' u='a' c='get_uprobe'/>
<use f='linux-5.3.1/kernel/events/uprobes.c' l='557' u='a' c='put_uprobe'/>
<use f='linux-5.3.1/kernel/events/uprobes.c' l='648' u='a' c='__insert_uprobe'/>
<offset>192</offset>
